// Jest Snapshot v1, https://jestjs.io/docs/snapshot-testing

exports[`Snapshotテスト 1`] = `
<div>
  <div>
    <p>
      Hello, Snapshot2!
    </p>
  </div>
</div>
`;
